// Jest Snapshot v1, https://goo.gl/fbAQLP

exports[`<Footer /> should render the footer 1`] = `
<div
  className="Footer"
>
  <p
    className="Footer-title"
  >
     PlatziConf Merch 
  </p>
  <p
    className="Footer-copy"
  >
     Todos los derechos reservados 
  </p>
</div>
`;

exports[`Footer Snapshot Comprobar la UI del componente Footer 1`] = `
<div
  className="Footer"
>
  <p
    className="Footer-title"
  >
     PlatziConf Merch 
  </p>
  <p
    className="Footer-copy"
  >
     Todos los derechos reservados 
  </p>
</div>
`;
